{
    "page": 1,
    "limit": 10,
    "total": 2,
    "items": [
        {
            "incomeId": 2,
            "amount": 1200,
            "incomeSourceName": "Income Source 2",
            "documents": [
                "http://localhost/media/Incomes/2/test.png",
                "http://localhost/media/Incomes/2/test2.png"
            ],
            "remarks": null,
            "createdOn": "2024-05-04T10:51:44.770234Z"
        },
        {
            "incomeId": 1,
            "amount": 1000,
            "incomeSourceName": "Income Source 1",
            "documents": [
                "http://localhost/media/Incomes/1/test.png",
                "http://localhost/media/Incomes/1/test2.png"
            ],
            "remarks": null,
            "createdOn": "2024-05-03T10:51:44.770234Z"
        }
    ]
}