{
    "page": 1,
    "limit": 10,
    "total": 2,
    "items": [
        {
            "salaryId": "__IGNORED_VALUE__",
            "employeeId": 1,
            "compensation": 0,
            "amount": 6000,
            "month": 6,
            "year": 2024,
            "disbursedOn": "2023-12-31",
            "deductions": []
        },
        {
            "salaryId": "__IGNORED_VALUE__",
            "employeeId": 2,
            "compensation": 0,
            "amount": 10000,
            "month": 6,
            "year": 2024,
            "disbursedOn": "2023-12-31",
            "deductions": []
        }
    ]
}