{
    "page": 1,
    "limit": 10,
    "total": 5,
    "items": [
        {
            "employeeId": 2,
            "amount": 60000.00,
            "month": 6,
            "fullName": "Test-First-2 Test-Last-2"
        },
        {
            "employeeId": 2,
            "amount": 60000.00,
            "month": 6,
            "fullName": "Test-First-2 Test-Last-2"
        },
        {
            "employeeId": 2,
            "amount": 60000.00,
            "month": 6,
            "fullName": "Test-First-2 Test-Last-2"
        },
        {
            "employeeId": 2,
            "amount": 60000.00,
            "month": 6,
            "fullName": "Test-First-2 Test-Last-2"
        },
        {
            "employeeId": 2,
            "amount": 60000.00,
            "month": 6,
            "fullName": "Test-First-2 Test-Last-2"
        }
    ]
}