{
  "page": 1,
  "limit": 10,
  "total": 9,
  "items": [
    {
      "expenseId": 9,
      "companyId": 999,
      "amount": 1000,
      "documents": ["http://localhost/media/Expenses/9/test.png", "http://localhost/media/Expenses/9/test2.png"],
      "purpose": null,
      "createdOn": "2024-05-11T10:51:44.770234Z"
    },
    {
      "expenseId": 8,
      "companyId": 999,
      "amount": 1200,
      "documents": ["http://localhost/media/Expenses/8/test.png", "http://localhost/media/Expenses/8/test2.png"],
      "purpose": null,
      "createdOn": "2024-05-10T10:51:44.770234Z"
    },
    {
      "expenseId": 7,
      "companyId": 999,
      "amount": 1000,
      "documents": ["http://localhost/media/Expenses/7/test.png", "http://localhost/media/Expenses/7/test2.png"],
      "purpose": null,
      "createdOn": "2024-05-09T10:51:44.770234Z"
    },
    {
      "expenseId": 6,
      "companyId": 999,
      "amount": 1200,
      "documents": ["http://localhost/media/Expenses/6/test.png", "http://localhost/media/Expenses/6/test2.png"],
      "purpose": null,
      "createdOn": "2024-05-08T10:51:44.770234Z"
    },
    {
      "expenseId": 5,
      "companyId": 999,
      "amount": 1000,
      "documents": ["http://localhost/media/Expenses/5/test.png", "http://localhost/media/Expenses/5/test2.png"],
      "purpose": null,
      "createdOn": "2024-05-07T10:51:44.770234Z"
    },
    {
      "expenseId": 4,
      "companyId": 999,
      "amount": 1200,
      "documents": ["http://localhost/media/Expenses/4/test.png", "http://localhost/media/Expenses/4/test2.png"],
      "purpose": null,
      "createdOn": "2024-05-06T10:51:44.770234Z"
    },
    {
      "expenseId": 3,
      "companyId": 999,
      "amount": 1000,
      "documents": ["http://localhost/media/Expenses/3/test.png", "http://localhost/media/Expenses/3/test2.png"],
      "purpose": null,
      "createdOn": "2024-05-05T10:51:44.770234Z"
    },
    {
      "expenseId": 2,
      "companyId": 999,
      "amount": 1200,
      "documents": ["http://localhost/media/Expenses/2/test.png", "http://localhost/media/Expenses/2/test2.png"],
      "purpose": null,
      "createdOn": "2024-05-04T10:51:44.770234Z"
    },
    {
      "expenseId": 1,
      "companyId": 999,
      "amount": 1000,
      "documents": ["http://localhost/media/Expenses/1/test.png", "http://localhost/media/Expenses/1/test2.png"],
      "purpose": null,
      "createdOn": "2024-05-03T10:51:44.770234Z"
    }
  ]
}
