{
    "page": 1,
    "limit": 10,
    "total": 6,
    "items": [
        {
            "userId": 100,
            "email": "super-admin@example.com",
            "phoneNumber": "9876543210",
            "claims": []
        },
        {
            "userId": 101,
            "email": "super-admin1@example.com",
            "phoneNumber": "7876543210",
            "claims": []
        },
        {
            "userId": 200,
            "email": "company-admin@example.com",
            "phoneNumber": "9876543211",
            "claims": []
        },
        {
            "userId": 201,
            "email": "company-admin1@example.com",
            "phoneNumber": "7876543211",
            "claims": []
        },
        {
            "userId": 300,
            "email": "employee@example.com",
            "phoneNumber": "9876543212",
            "claims": []
        },
        {
            "userId": 301,
            "email": "employee1@example.com",
            "phoneNumber": "7876543212",
            "claims": []
        }
    ]
}