{
    "page": 1,
    "limit": 10,
    "total": 4,
    "items": [
        {
            "attendanceRegularizationId": 6,
            "employeeId": 1,
            "date": "2024-07-06",
            "clockInTime": "08:00:00",
            "clockOutTime": "14:00:00",
            "reason": "sick",
            "approved": true
        },
        {
            "attendanceRegularizationId": 5,
            "employeeId": 1,
            "date": "2024-06-05",
            "clockInTime": "08:00:00",
            "clockOutTime": "16:00:00",
            "reason": "sick",
            "approved": true
        },
        {
            "attendanceRegularizationId": 4,
            "employeeId": 1,
            "date": "2024-06-04",
            "clockInTime": "08:00:00",
            "clockOutTime": "15:00:00",
            "reason": "sick",
            "approved": true
        },
        {
            "attendanceRegularizationId": 3,
            "employeeId": 1,
            "date": "2024-05-03",
            "clockInTime": "08:00:00",
            "clockOutTime": "14:00:00",
            "reason": "sick",
            "approved": true
        }
    ]
}