{
    "page": 1,
    "limit": 10,
    "total": 2,
    "items": [
        {
            "attendanceRegularizationId": 8,
            "employeeId": 2,
            "date": "2024-07-08",
            "clockInTime": "08:00:00",
            "clockOutTime": "18:00:00",
            "reason": "sick",
            "approved": true
        },
        {
            "attendanceRegularizationId": 7,
            "employeeId": 2,
            "date": "2024-07-07",
            "clockInTime": "08:00:00",
            "clockOutTime": "14:00:00",
            "reason": "sick",
            "approved": true
        }
    ]
}