[
    {
        "compensationId": 2,
        "employeeId": 2,
        "effectiveFrom": "2024-03-03",
        "amount": 1200
    }
]