[
    {
        "compensationId": 1,
        "employeeId": 1,
        "effectiveFrom": "2024-10-03",
        "amount": 1000
    }
]