{
    "page": 1,
    "limit": 10,
    "total": 7,
    "items": [
        {
            "holidayId": 4,
            "date": "2024-05-11",
            "name": "Diwali",
            "optional": false
        },
        {
            "holidayId": 6,
            "date": "2024-05-15",
            "name": "Republic Day",
            "optional": false
        },
        {
            "holidayId": 1,
            "date": "2024-07-03",
            "name": "Bank",
            "optional": false
        },
        {
            "holidayId": 2,
            "date": "2024-09-05",
            "name": "Eid",
            "optional": false
        },
        {
            "holidayId": 3,
            "date": "2024-10-09",
            "name": "Holi",
            "optional": false
        },
        {
            "holidayId": 5,
            "date": "2024-11-23",
            "name": "Ramadan",
            "optional": false
        },
        {
            "holidayId": 7,
            "date": "2024-12-18",
            "name": "IT",
            "optional": false
        }
    ]
}