{
    "page": 1,
    "limit": 10,
    "total": 6,
    "items": [
        {
            "employeeLeaveId": 3,
            "employeeId": 1,
            "employeeName": "Test-First-1 Test-Last-1",
            "to": "2024-02-05",
            "from": "2024-02-03",
            "createdOn": "2024-05-05T10:32:32.227954Z",
            "status": "Approved",
            "remarks": "Approved"
        },
        {
            "employeeLeaveId": 2,
            "employeeId": 1,
            "employeeName": "Test-First-1 Test-Last-1",
            "to": "2024-01-05",
            "from": "2024-01-03",
            "createdOn": "2024-05-04T10:33:32.227954Z",
            "status": "Approved",
            "remarks": "Approved"
        },
        {
            "employeeLeaveId": 4,
            "employeeId": 1,
            "employeeName": "Test-First-1 Test-Last-1",
            "to": "2024-03-05",
            "from": "2024-03-03",
            "createdOn": "2024-05-03T10:37:32.227954Z",
            "status": "Approved",
            "remarks": "Approved"
        },
        {
            "employeeLeaveId": 5,
            "employeeId": 1,
            "employeeName": "Test-First-1 Test-Last-1",
            "to": "2024-04-05",
            "from": "2024-04-03",
            "createdOn": "2024-05-03T10:36:32.227954Z",
            "status": "Approved",
            "remarks": "Approved"
        },
        {
            "employeeLeaveId": 6,
            "employeeId": 1,
            "employeeName": "Test-First-1 Test-Last-1",
            "to": "2024-05-05",
            "from": "2024-05-03",
            "createdOn": "2024-05-03T10:35:32.227954Z",
            "status": "Approved",
            "remarks": "pending"
        },
        {
            "employeeLeaveId": 7,
            "employeeId": 1,
            "employeeName": "Test-First-1 Test-Last-1",
            "to": "2024-06-05",
            "from": "2024-06-03",
            "createdOn": "2024-05-03T10:34:32.227954Z",
            "status": "Approved",
            "remarks": "Pending"
        }
    ]
}