[
    {
        "clockInOutId": 4,
        "employeeId": 1,
        "date": "2024-06-04",
        "clockInTime": "08:00:00",
        "clockOutTime": "15:00:00"
    }
]