[
    {
        "employeeId": 1,
        "date": "2024-05-03",
        "clockInTime": "08:00:00",
        "clockOutTime": "14:00:00"
    },
    {
        "employeeId": 1,
        "date": "2024-06-04",
        "clockInTime": "08:00:00",
        "clockOutTime": "15:00:00"
    },
    {
        "employeeId": 1,
        "date": "2024-06-05",
        "clockInTime": "08:00:00",
        "clockOutTime": "16:00:00"
    },
    {
        "employeeId": 1,
        "date": "2024-07-06",
        "clockInTime": "08:00:00",
        "clockOutTime": "14:00:00"
    }
]