[
    {
        "clockInOutId": 4,
        "employeeId": 1,
        "date": "2024-06-04",
        "clockInTime": "08:00:00",
        "clockOutTime": "15:00:00"
    },
    {
        "clockInOutId": 5,
        "employeeId": 1,
        "date": "2024-06-05",
        "clockInTime": "08:00:00",
        "clockOutTime": "16:00:00"
    },
    {
        "clockInOutId": 9,
        "employeeId": 1,
        "date": "2024-06-06",
        "clockInTime": "08:00:00",
        "clockOutTime": null
    },
    {
        "clockInOutId": 10,
        "employeeId": 1,
        "date": "2024-06-07",
        "clockInTime": "09:00:00",
        "clockOutTime": "18:00:00"
    },
    {
        "clockInOutId": 11,
        "employeeId": 1,
        "date": "2024-06-08",
        "clockInTime": "10:00:00",
        "clockOutTime": "19:00:00"
    },
    {
        "clockInOutId": 12,
        "employeeId": 1,
        "date": "2024-06-09",
        "clockInTime": "11:00:00",
        "clockOutTime": "20:00:00"
    }
]