{
    "weeklyOffDays": [
        "__IGNORED_VALUE__"
    ],
    "companyId": "__IGNORED_VALUE__",
    "name": "__IGNORED_VALUE__",
    "phoneNumber": "__IGNORED_VALUE__",
    "financialMonth": "__IGNORED_VALUE__",
    "administratorName": "__IGNORED_VALUE__",
    "email": "__IGNORED_VALUE__"
}