{
    "weeklyOffDays": [
        "Sunday"
    ],
    "companyId": 1,
    "name": "Test Company 1",
    "phoneNumber": "1234567890",
    "financialMonth": 1,
    "administratorName": "Admin 1",
    "email": "test1@company.com",
    "address": "Test Address 1"
}