{
    "departments": 4,
    "companies": 0,
    "employees": 4,
    "holidays": 0
}