{
    "leavesAvailable": 10,
    "leavesConsumed": 0
}