{
    "departmentId": "__IGNORED_VALUE__",
    "name": "__IGNORED_VALUE__",
    "jobTitles": []
}