{
    "page": 1,
    "limit": 10,
    "total": 4,
    "items": [
        {
            "departmentId": 1,
            "name": "HR"
        },
        {
            "departmentId": 2,
            "name": "Finance"
        },
        {
            "departmentId": 3,
            "name": "Engineering"
        },
        {
            "departmentId": 3000,
            "name": "Test-Department"
        }
    ]
}