{
    "departmentId": 1,
    "name": "HR",
    "jobTitles": [
        {
            "name": "Teacher"
        }
    ]
}