{
    "departmentId": 1,
    "name": "__IGNORED_VALUE__",
    "jobTitles": []
}