{
    "leavePolicyId": 1,
    "holidays": 2,
    "casualLeaves": 3,
    "earnedLeavesPerMonth": 1
}