{
    "value": {
        "employeeId": "__IGNORED_VALUE__",
        "departmentId": 3000,
        "departmentName": "Test-Department",
        "jobTitleId": 4000,
        "jobTitleName": "Test-Department",
        "firstName": "mohd",
        "lastName": "Saqib",
        "fullName": "mohd Saqib",
        "dateOfBirth": "2001-06-12",
        "dateOfJoining": "2019-06-12",
        "fatherName": "raza",
        "phoneNumber": "1234567890",
        "companyEmail": "abc@gmail.com",
        "personalEmail": "abc@gmail.com",
        "address": "test",
        "city": "test",
        "pan": "GNCPS7000S",
        "aadhar": "123456789012",
        "documents": []
    },
    "formatters": [],
    "contentTypes": [],
    "declaredType": null,
    "statusCode": 200
}