{
    "page": 1,
    "limit": 10,
    "total": 4,
    "items": [
        {
            "employeeId": 1,
            "departmentId": 3000,
            "departmentName": "Test-Department",
            "jobTitleId": 4000,
            "jobTitleName": "Test-Department",
            "firstName": "Test-First-1",
            "lastName": "Test-Last-1",
            "fullName": "Test-First-1 Test-Last-1",
            "dateOfBirth": "2000-05-03",
            "dateOfJoining": "2024-05-03",
            "fatherName": "Test-Father-1",
            "phoneNumber": "01234567890",
            "companyEmail": "test1@example.com",
            "personalEmail": "test@example.com",
            "address": "Test-Address",
            "city": "Test-City",
            "pan": "XXXXX0000X",
            "aadhar": "000000000000",
            "documents": []
        },
        {
            "employeeId": 2,
            "departmentId": 3000,
            "departmentName": "Test-Department",
            "jobTitleId": 4000,
            "jobTitleName": "Test-Department",
            "firstName": "Test-First-2",
            "lastName": "Test-Last-2",
            "fullName": "Test-First-2 Test-Last-2",
            "dateOfBirth": "2000-05-03",
            "dateOfJoining": "2024-05-03",
            "fatherName": "Test-Father-2",
            "phoneNumber": "01234567890",
            "companyEmail": "test2@example.com",
            "personalEmail": "test@example.com",
            "address": "Test-Address",
            "city": "Test-City",
            "pan": "XXXXX1111X",
            "aadhar": "111111111111",
            "documents": []
        },
        {
            "employeeId": 3,
            "departmentId": 3000,
            "departmentName": "Test-Department",
            "jobTitleId": 4000,
            "jobTitleName": "Test-Department",
            "firstName": "Test-First-3",
            "lastName": "Test-Last-3",
            "fullName": "Test-First-3 Test-Last-3",
            "dateOfBirth": "2000-05-03",
            "dateOfJoining": "2024-05-03",
            "fatherName": "Test-Father-3",
            "phoneNumber": "01234567899",
            "companyEmail": "test3@example.com",
            "personalEmail": "test6@example.com",
            "address": "Test-Address",
            "city": "Test-City",
            "pan": "XXXXX0000X",
            "aadhar": "000000000000",
            "documents": []
        },
        {
            "employeeId": 4,
            "departmentId": 3000,
            "departmentName": "Test-Department",
            "jobTitleId": 4000,
            "jobTitleName": "Test-Department",
            "firstName": "Test-First-4",
            "lastName": "Test-Last-4",
            "fullName": "Test-First-4 Test-Last-4",
            "dateOfBirth": "2000-05-03",
            "dateOfJoining": "2024-05-03",
            "fatherName": "Test-Father-4",
            "phoneNumber": "01234567899",
            "companyEmail": "test4@example.com",
            "personalEmail": "test7@example.com",
            "address": "Test-Address",
            "city": "Test-City",
            "pan": "XXXXX1111X",
            "aadhar": "111111111111",
            "documents": []
        }
    ]
}